// Jest Snapshot v1, https://goo.gl/fbAQLP

exports[`react-data-testid basic Component: basic Component 1`] = `

function Div() {
  return <div />
}

      ↓ ↓ ↓ ↓ ↓ ↓

function Div() {
  return <div data-testid="Div" />
}


`;

exports[`react-data-testid nested Component: nested Component 1`] = `

function Nested() {
  return <div>hello</div>
}

      ↓ ↓ ↓ ↓ ↓ ↓

function Nested() {
  return <div data-testid="Nested">hello</div>
}


`;
